[waifu.zoneplay.vn/play.html]
[backblue.gif]
[fade.gif]
[index.html]
[waifu.zoneplay.vn/cf-fonts/v/exo-2/5.0.16/latin-ext/wght/normal.woff2]
[waifu.zoneplay.vn/cf-fonts/v/exo-2/5.0.16/cyrillic-ext/wght/normal.woff2]
[waifu.zoneplay.vn/cf-fonts/v/exo-2/5.0.16/cyrillic/wght/normal.woff2]
[waifu.zoneplay.vn/cf-fonts/v/exo-2/5.0.16/vietnamese/wght/normal.woff2]
[waifu.zoneplay.vn/cf-fonts/v/exo-2/5.0.16/latin/wght/normal.woff2]
[waifu.zoneplay.vn/cf-fonts/v/exo-2/5.0.16/latin/wght/italic.woff2]
[waifu.zoneplay.vn/cf-fonts/v/exo-2/5.0.16/cyrillic-ext/wght/italic.woff2]
[waifu.zoneplay.vn/cf-fonts/v/exo-2/5.0.16/cyrillic/wght/italic.woff2]
[waifu.zoneplay.vn/cf-fonts/v/exo-2/5.0.16/vietnamese/wght/italic.woff2]
[waifu.zoneplay.vn/cf-fonts/v/exo-2/5.0.16/latin-ext/wght/italic.woff2]
[waifu.zoneplay.vn/FormH5/style.css]
[waifu.zoneplay.vn/GET]
[waifu.zoneplay.vn/G34/manifest.json]
[waifu.zoneplay.vn/G34/sw.js]
[waifu.zoneplay.vn/home.html]
[waifu.zoneplay.vn/index.html]
[waifu.zoneplay.vn/FormH5/main.js]
[waifu.zoneplay.vn/play-now.html]
[waifu.zoneplay.vn/play.html]
[waifu.zoneplay.vn/landing.html]
[waifu.zoneplay.vn/FormH5/style.css]
[waifu.zoneplay.vn/GET.html]
[waifu.zoneplay.vn/huong-dan/cach-tao-icon-waifu-party-tren-man-hinh.html]
[waifu.zoneplay.vn/su-kien/kenh-nap-zoneplay-uu-dai-den-50.html]
[waifu.zoneplay.vn/tin-tuc/su-kien-tan-thu-hap-dan.html]
[waifu.zoneplay.vn/tin-tuc.html]
[waifu.zoneplay.vn/su-kien/dac-quyen-vip-waifu-party.html]
[waifu.zoneplay.vn/su-kien.html]
[waifu.zoneplay.vn/cdn-cgi/l/email-protection]
[waifu.zoneplay.vn/cdn-cgi/scripts/5c5dd728/cloudflare-static/email-decode.min.js]
[waifu.zoneplay.vn/index.html]
[waifu.zoneplay.vn/home.html]
[waifu.zoneplay.vn/play-now.html]
[waifu.zoneplay.vn/huong-dan/cach-tao-icon-waifu-party-tren-man-hinh.html]
[waifu.zoneplay.vn/huong-dan.html]
[waifu.zoneplay.vn/g34/servers-data/index.html]
[waifu.zoneplay.vn/su-kien/kenh-nap-zoneplay-uu-dai-den-50.html]
[waifu.zoneplay.vn/tin-tuc/su-kien-tan-thu-hap-dan.html]
[waifu.zoneplay.vn/huong-dan/huong-dan-nap-game-waifu-party-gzone.html]
[waifu.zoneplay.vn/tin-tuc/khai-mo-cum-server-moi-hu-khong.html]
[waifu.zoneplay.vn/tin-tuc/khai-mo-cum-server-moi-xoi-9h-ngay-0507.html]
[waifu.zoneplay.vn/tin-tuc/cong-bo-bxh-dua-top-lien-server.html]
[waifu.zoneplay.vn/tin-tuc/thong-tin-su-kien-tuan-3.html]
[waifu.zoneplay.vn/tin-tuc/thong-bao-bao-tri-ngay-14.html]
[waifu.zoneplay.vn/tin-tuc2679.html]
[waifu.zoneplay.vn/tin-tuc4658.html]
[waifu.zoneplay.vn/tin-tuc.html]
[waifu.zoneplay.vn/su-kien/dac-quyen-vip-waifu-party.html]
[waifu.zoneplay.vn/tin-tuc9ba9.html]
[waifu.zoneplay.vn/su-kien/su-kien-tiec-anh-hung.html]
[waifu.zoneplay.vn/su-kien/su-kien-chieu-mo-gioi-han-hu-khong-xuat-hien.html]
[waifu.zoneplay.vn/su-kien/tham-gia-server-dac-biet-ngay-nhan-qua-lien-tay.html]
[waifu.zoneplay.vn/su-kien/su-kien-chieu-mo-gioi-han-bua-tiec-thinh-soan.html]
[waifu.zoneplay.vn/su-kien/tieu-diem-tuong-nu-hoang-tiec-tung.html]
[waifu.zoneplay.vn/su-kien2679.html]
[waifu.zoneplay.vn/su-kien4658.html]
[waifu.zoneplay.vn/su-kien.html]
[waifu.zoneplay.vn/cdn-cgi/l/email-protection.html]
[waifu.zoneplay.vn/su-kien9ba9.html]
[waifu.zoneplay.vn/huong-dan/tieu-diem-tuong-vuong-lam.html]
[waifu.zoneplay.vn/huong-dan/tieu-diem-tuong-hoang-tu-nam-tre.html]
[waifu.zoneplay.vn/huong-dan/tieu-diem-tuong-keo-rau-rong.html]
[waifu.zoneplay.vn/huong-dan/tieu-diem-tuong-ca-phe-meo.html]
[waifu.zoneplay.vn/huong-dan/tieu-diem-tuong-tieu-man-thau.html]
[waifu.zoneplay.vn/huong-dan2679.html]
[waifu.zoneplay.vn/huong-dan4658.html]
[waifu.zoneplay.vn/huong-dan9ba9.html]
[waifu.zoneplay.vn/huong-dan.html]
[waifu.zoneplay.vn/huong-dan/huong-dan-nap-game-waifu-party-gzone.html]
[waifu.zoneplay.vn/tin-tuc/khai-mo-cum-server-moi-hu-khong.html]
[waifu.zoneplay.vn/tin-tuc/khai-mo-cum-server-moi-xoi-9h-ngay-0507.html]
[waifu.zoneplay.vn/huong-danfdb0.html]
[waifu.zoneplay.vn/tin-tuc/cong-bo-bxh-dua-top-lien-server.html]
[waifu.zoneplay.vn/tin-tuc/thong-tin-su-kien-tuan-3.html]
[waifu.zoneplay.vn/tin-tuc/thong-bao-bao-tri-ngay-14.html]
[waifu.zoneplay.vn/tin-tuc2679.html]
[waifu.zoneplay.vn/tin-tuc/su-kien-hot-dua-top-ruc-lua-lien-server.html]
[waifu.zoneplay.vn/tin-tuc/vinh-danh-s3-tatsu-svip5-dau-tien.html]
[waifu.zoneplay.vn/tin-tuc/khai-mo-cum-server-moi-pho-18h-ngay-283.html]
[waifu.zoneplay.vn/tin-tuc/vinh-danh-s3-tatsu-svip4-dau-tien.html]
[waifu.zoneplay.vn/tin-tuc/vinh-danh-s3-tatsu-svip3-dau-tien.html]
[waifu.zoneplay.vn/tin-tuc4658.html]
[waifu.zoneplay.vn/tin-tuc/khai-mo-s1-lau-thai-1000-ngay-253.html]
[waifu.zoneplay.vn/tin-tuc/vinh-danh-s3-tatsu-svip2-dau-tien.html]
[waifu.zoneplay.vn/tin-tuc/chuoi-su-kien-dua-top-trong-server.html]
[waifu.zoneplay.vn/tin-tuc/dang-ky-truoc-ruoc-van-qua.html]
[waifu.zoneplay.vn/tin-tuc9ba9.html]
[waifu.zoneplay.vn/su-kien/su-kien-tiec-anh-hung.html]
[waifu.zoneplay.vn/su-kien/su-kien-chieu-mo-gioi-han-hu-khong-xuat-hien.html]
[waifu.zoneplay.vn/su-kien/tham-gia-server-dac-biet-ngay-nhan-qua-lien-tay.html]
[waifu.zoneplay.vn/su-kien/su-kien-chieu-mo-gioi-han-bua-tiec-thinh-soan.html]
[waifu.zoneplay.vn/su-kien/tieu-diem-tuong-nu-hoang-tiec-tung.html]
[waifu.zoneplay.vn/su-kien2679.html]
[waifu.zoneplay.vn/tin-tuc/gioi-thieu-game-waifu-party-my-vi-dai-chien.html]
[waifu.zoneplay.vn/su-kien/su-kien-hot-dua-top-ruc-lua-lien-server.html]
[waifu.zoneplay.vn/su-kien/su-kien-mui-nhon-vinh-cuu.html]
[waifu.zoneplay.vn/su-kien/su-kien-dong-que-thanh-binh.html]
[waifu.zoneplay.vn/su-kien/su-kien-chieu-mo-gioi-han-ca-phe-ngay-dong.html]
[waifu.zoneplay.vn/su-kien4658.html]
[waifu.zoneplay.vn/su-kien/su-kien-dai-chien-chung-toc.html]
[waifu.zoneplay.vn/su-kien/su-kien-gop-server.html]
[waifu.zoneplay.vn/su-kien/uu-dai-nap-dau.html]
[waifu.zoneplay.vn/su-kien9ba9.html]
[waifu.zoneplay.vn/huong-dan/tieu-diem-tuong-vuong-lam.html]
[waifu.zoneplay.vn/huong-dan/tieu-diem-tuong-hoang-tu-nam-tre.html]
[waifu.zoneplay.vn/huong-dan/tieu-diem-tuong-keo-rau-rong.html]
[waifu.zoneplay.vn/huong-dan/tieu-diem-tuong-ca-phe-meo.html]
[waifu.zoneplay.vn/huong-dan/tieu-diem-tuong-tieu-man-thau.html]
[waifu.zoneplay.vn/huong-dan2679.html]
[waifu.zoneplay.vn/su-kien/goi-nap-sieu-hoi-khong-the-bo-lo.html]
[waifu.zoneplay.vn/huong-dan/tieu-diem-tuong-canh-manh-ba.html]
[waifu.zoneplay.vn/huong-dan/cach-cai-dat-waifu-party-tren-pc-cuc-de.html]
[waifu.zoneplay.vn/huong-dan/anh-hung-danh-cho-nong-dan-chia-se-boi-nguyen-chi-cong.html]
[waifu.zoneplay.vn/huong-dan/huong-dan-tai-game-waifu-party-gzone.html]
[waifu.zoneplay.vn/huong-dan4658.html]
[waifu.zoneplay.vn/huong-dan/huong-dan-nhap-code-game-waifu-party-gzone.html]
[waifu.zoneplay.vn/huong-dan/cac-dieu-chinh-ve-exp-vip-va-dac-quyen-anh-hung.html]
[waifu.zoneplay.vn/huong-dan/tieu-diem-tuong-com-ong-tre-ukyo.html]
[waifu.zoneplay.vn/huong-dan9ba9.html]
[waifu.zoneplay.vn/huong-dan/doi-hinh-danh-cho-tan-thu.html]
[waifu.zoneplay.vn/huong-dan/doi-hinh-danh-cho-muc-dau-tu-vua.html]
[waifu.zoneplay.vn/huong-dan/doi-hinh-danh-cho-nong-dan.html]
[waifu.zoneplay.vn/huong-dan/doi-hinh-danh-cho-vip-dua-top.html]
[waifu.zoneplay.vn/huong-danfdb0.html]
[waifu.zoneplay.vn/tin-tuc/su-kien-hot-dua-top-ruc-lua-lien-server.html]
[waifu.zoneplay.vn/tin-tuc/vinh-danh-s3-tatsu-svip5-dau-tien.html]
[waifu.zoneplay.vn/tin-tuc/khai-mo-cum-server-moi-pho-18h-ngay-283.html]
[waifu.zoneplay.vn/tin-tuc/vinh-danh-s3-tatsu-svip4-dau-tien.html]
[waifu.zoneplay.vn/tin-tuc/vinh-danh-s3-tatsu-svip3-dau-tien.html]
[waifu.zoneplay.vn/tin-tuc/khai-mo-s1-lau-thai-1000-ngay-253.html]
[waifu.zoneplay.vn/tin-tuc/vinh-danh-s3-tatsu-svip2-dau-tien.html]
[waifu.zoneplay.vn/tin-tuc/chuoi-su-kien-dua-top-trong-server.html]
[waifu.zoneplay.vn/tin-tuc/dang-ky-truoc-ruoc-van-qua.html]
[waifu.zoneplay.vn/tin-tuc/gioi-thieu-game-waifu-party-my-vi-dai-chien.html]
[waifu.zoneplay.vn/su-kien/su-kien-hot-dua-top-ruc-lua-lien-server.html]
[waifu.zoneplay.vn/su-kien/su-kien-mui-nhon-vinh-cuu.html]
[waifu.zoneplay.vn/su-kien/su-kien-dong-que-thanh-binh.html]
[waifu.zoneplay.vn/su-kien/su-kien-chieu-mo-gioi-han-ca-phe-ngay-dong.html]
[waifu.zoneplay.vn/su-kien/su-kien-dai-chien-chung-toc.html]
[waifu.zoneplay.vn/su-kien/su-kien-gop-server.html]
[waifu.zoneplay.vn/su-kien/uu-dai-nap-dau.html]
[waifu.zoneplay.vn/su-kien/goi-nap-sieu-hoi-khong-the-bo-lo.html]
[waifu.zoneplay.vn/huong-dan/tieu-diem-tuong-canh-manh-ba.html]
[waifu.zoneplay.vn/huong-dan/cach-cai-dat-waifu-party-tren-pc-cuc-de.html]
[waifu.zoneplay.vn/huong-dan/anh-hung-danh-cho-nong-dan-chia-se-boi-nguyen-chi-cong.html]
[waifu.zoneplay.vn/huong-dan/huong-dan-tai-game-waifu-party-gzone.html]
[waifu.zoneplay.vn/huong-dan/huong-dan-nhap-code-game-waifu-party-gzone.html]
[waifu.zoneplay.vn/huong-dan/cac-dieu-chinh-ve-exp-vip-va-dac-quyen-anh-hung.html]
[waifu.zoneplay.vn/huong-dan/tieu-diem-tuong-com-ong-tre-ukyo.html]
[waifu.zoneplay.vn/huong-dan/doi-hinh-danh-cho-tan-thu.html]
[waifu.zoneplay.vn/huong-dan/doi-hinh-danh-cho-muc-dau-tu-vua.html]
[waifu.zoneplay.vn/huong-dan/doi-hinh-danh-cho-nong-dan.html]
[waifu.zoneplay.vn/huong-dan/doi-hinh-danh-cho-vip-dua-top.html]
[waifu.zoneplay.vn/huong-dan/cac-hoat-dong-pvp-hap-dan.html]
[waifu.zoneplay.vn/huong-dan/cac-hoat-dong-pvp-hap-dan.html]
